I'm sorry, but errors were detected in your script. Please correct the
errors listed below, and try again.


File "game/script.rpy", line 77: multiple at clauses are prohibited.
    show unkown at smallright at blur(10.0, 2.0) with dissolve
                                ^

Ren'Py Version: Ren'Py 8.4.1.25072401
Sat Apr  4 18:23:19 2026
